node.exe : Debugger listening on 
ws://127.0.0.1:51580/f62089ca-ac84-4351-8e76-33813d8bcec9
In C:\Program Files\nodejs\npm.ps1:29 Zeichen:3
+   & $NODE_EXE $NPM_CLI_JS $args
+   ~~~~~~~~~~~~~~~~~~~~~~~~~~~~~
    + CategoryInfo          : NotSpecified: (Debugger listen...76-33813d8bcec9 
   :String) [], RemoteException
    + FullyQualifiedErrorId : NativeCommandError
 
For help, see: https://nodejs.org/en/docs/inspector
Debugger attached.

> financ-tracker@0.1.0 build
> next build

Debugger listening on ws://127.0.0.1:51583/8d12ec93-dae2-402e-9a6b-55eb68db24ee
For help, see: https://nodejs.org/en/docs/inspector
Debugger attached.
Ôû▓ Next.js 16.2.4 (Turbopack)
- Debugger port: 51583
- Environments: .env

  Creating an optimized production build ...
Debugger listening on ws://127.0.0.1:51598/dec3caab-2e7c-44e4-b95c-5edde8a52f43
For help, see: https://nodejs.org/en/docs/inspector
Debugger attached.
Ô£ô Compiled successfully in 4.7s
  Running TypeScript ...
Debugger listening on ws://127.0.0.1:51605/ab3e8d20-6ef0-4cf0-bcf9-9c97d1765166
For help, see: https://nodejs.org/en/docs/inspector
Debugger attached.
  Finished TypeScript in 5.5s ...
  Collecting page data using 11 workers ...
Debugger listening on ws://127.0.0.1:51608/1766ee0b-8c8b-488c-bd4d-670313a3508f
For help, see: https://nodejs.org/en/docs/inspector
Debugger listening on ws://127.0.0.1:51609/4cb9c907-b186-44ae-840e-290aeb0a4f0a
For help, see: https://nodejs.org/en/docs/inspector
Debugger listening on ws://127.0.0.1:51610/6d3825ea-53a6-45de-bf6e-9edacac253c3
For help, see: https://nodejs.org/en/docs/inspector
Debugger listening on ws://127.0.0.1:51611/ee99ed4c-8c39-4a35-8fb8-bd8d1cdf07d4
For help, see: https://nodejs.org/en/docs/inspector
Debugger listening on ws://127.0.0.1:51612/8703b6f7-ddcc-44db-84b4-546d40656b1d
For help, see: https://nodejs.org/en/docs/inspector
Debugger listening on ws://127.0.0.1:51613/267c8471-7977-4772-a1aa-3d92756d7dcf
For help, see: https://nodejs.org/en/docs/inspector
Debugger listening on ws://127.0.0.1:51614/65117742-d706-44da-9b9b-cd458b074f8d
For help, see: https://nodejs.org/en/docs/inspector
Debugger listening on ws://127.0.0.1:51616/1464b03c-3590-463f-93c0-7c0999575046
For help, see: https://nodejs.org/en/docs/inspector
Debugger attached.
Debugger listening on ws://127.0.0.1:51617/6490b445-6cf1-40e1-9682-a3054505aec1
For help, see: https://nodejs.org/en/docs/inspector
Debugger listening on ws://127.0.0.1:51618/f2653feb-ecce-4914-9dfa-7fc369c93c15
For help, see: https://nodejs.org/en/docs/inspector
Debugger listening on ws://127.0.0.1:51619/e2f04dd7-c6c1-4a2e-b47b-d4c1235f0f56
For help, see: https://nodejs.org/en/docs/inspector
Debugger attached.
Debugger attached.
Debugger attached.
Debugger attached.
Debugger attached.
Debugger attached.
Debugger attached.
Debugger attached.
Debugger attached.
Debugger attached.
  Generating static pages using 11 workers (0/20) ...
  Generating static pages using 11 workers (5/20) 
  Generating static pages using 11 workers (10/20) 
  Generating static pages using 11 workers (15/20) 
Ô£ô Generating static pages using 11 workers (20/20) in 617ms
  Finalizing page optimization ...

Route (app)
Ôöî ãÆ /
Ôö£ Ôùï /_not-found
Ôö£ ãÆ /api/auth/login
Ôö£ ãÆ /api/auth/logout
Ôö£ ãÆ /api/auth/me
Ôö£ ãÆ /api/auth/register
Ôö£ ãÆ /api/budgets
Ôö£ ãÆ /api/categories
Ôö£ ãÆ /api/collaborations
Ôö£ ãÆ /api/groups
Ôö£ ãÆ /api/groups/[groupId]/balances/graph
Ôö£ ãÆ /api/groups/[groupId]/balances/me
Ôö£ ãÆ /api/groups/[groupId]/batch-invites
Ôö£ ãÆ /api/groups/[groupId]/expenses
Ôö£ ãÆ /api/groups/[groupId]/invites
Ôö£ ãÆ /api/groups/[groupId]/members
Ôö£ ãÆ /api/groups/[groupId]/members/[userId]
Ôö£ ãÆ /api/groups/[groupId]/members/[userId]/role
Ôö£ ãÆ /api/groups/[groupId]/minimization-tips
Ôö£ ãÆ /api/groups/[groupId]/policy
Ôö£ ãÆ /api/groups/[groupId]/settlements
Ôö£ ãÆ /api/groups/[groupId]/settlements/[settlementId]/confirm-received
Ôö£ ãÆ /api/groups/[groupId]/settlements/[settlementId]/decline
Ôö£ ãÆ /api/invites/[inviteId]/accept
Ôö£ ãÆ /api/invites/[inviteId]/reject
Ôö£ ãÆ /api/invites/[inviteId]/revoke
Ôö£ ãÆ /api/notifications
Ôö£ ãÆ /api/notifications/[notificationId]/read
Ôö£ ãÆ /api/p2p/threads
Ôö£ ãÆ /api/p2p/threads/[threadId]/balances
Ôö£ ãÆ /api/p2p/threads/[threadId]/expenses
Ôö£ ãÆ /api/sys-admin/stats
Ôö£ ãÆ /api/transactions
Ôö£ ãÆ /api/users
Ôö£ ãÆ /dashboard
Ôö£ ãÆ /login
Ôö£ ãÆ /register
Ôöö ãÆ /sys-admin


ãÆ Proxy (Middleware)

Ôùï  (Static)   prerendered as static content
ãÆ  (Dynamic)  server-rendered on demand

Waiting for the debugger to disconnect...
Waiting for the debugger to disconnect...
